******************************************************************************
             TMS320C2000 Linker PC v20.2.1                     
******************************************************************************
>> Linked Mon Mar 29 14:10:57 2021

OUTPUT FILE NAME:   <ecap_ex2_capture_pwm2_prctc1.out>
ENTRY POINT SYMBOL: "code_start"  address: 00000000


MEMORY CONFIGURATION

         name            origin    length      used     unused   attr    fill
----------------------  --------  ---------  --------  --------  ----  --------
PAGE 0:
  BEGIN                 00000000   00000002  00000002  00000000  RWIX
  RAMM0                 00000123   000002dd  00000020  000002bd  RWIX
  RAMLS0                00008000   00000800  00000540  000002c0  RWIX
  RAMLS1                00008800   00000800  00000000  00000800  RWIX
  RAMLS2                00009000   00000800  00000000  00000800  RWIX
  RAMLS3                00009800   00000800  00000000  00000800  RWIX
  RAMLS4                0000a000   00000800  00000000  00000800  RWIX
  RAMD0                 0000b000   00000800  00000800  00000000  RWIX
  RESET                 003fffc0   00000002  00000000  00000002  RWIX

PAGE 1:
  BOOT_RSVD             00000002   00000121  00000000  00000121  RWIX
  RAMM1                 00000400   000003f8  000003f8  00000000  RWIX
  RAMLS5                0000a800   00000800  00000223  000005dd  RWIX
  RAMD1                 0000b800   00000800  00000000  00000800  RWIX
  RAMGS0                0000c000   00001000  00000000  00001000  RWIX
  RAMGS1                0000d000   00001000  00000000  00001000  RWIX
  RAMGS2                0000e000   00001000  00000000  00001000  RWIX
  RAMGS3                0000f000   00001000  00000000  00001000  RWIX
  RAMGS4                00010000   00001000  00000000  00001000  RWIX
  RAMGS5                00011000   00001000  00000000  00001000  RWIX
  RAMGS6                00012000   00001000  00000000  00001000  RWIX
  RAMGS7                00013000   00001000  00000000  00001000  RWIX
  RAMGS8                00014000   00001000  00000000  00001000  RWIX
  RAMGS9                00015000   00001000  00000000  00001000  RWIX
  RAMGS10               00016000   00001000  00000000  00001000  RWIX
  RAMGS11               00017000   00001000  00000000  00001000  RWIX
  RAMGS12               00018000   00001000  00000000  00001000  RWIX
  RAMGS13               00019000   00001000  00000000  00001000  RWIX
  RAMGS14               0001a000   00001000  00000000  00001000  RWIX
  RAMGS15               0001b000   00000ff8  00000000  00000ff8  RWIX
  CPU2TOCPU1RAM         0003f800   00000400  00000000  00000400  RWIX
  CPU1TOCPU2RAM         0003fc00   00000400  00000000  00000400  RWIX
  CANA_MSG_RAM          00049000   00000800  00000000  00000800  RWIX
  CANB_MSG_RAM          0004b000   00000800  00000000  00000800  RWIX


SECTION ALLOCATION MAP

 output                                  attributes/
section   page    origin      length       input sections
--------  ----  ----------  ----------   ----------------
codestart 
*          0    00000000    00000002     
                  00000000    00000002     F2837xD_CodeStartBranch.obj (codestart)

.cinit     0    00000128    0000001c     
                  00000128    00000009     (.cinit..data.load) [load image, compression = lzss]
                  00000131    00000001     --HOLE-- [fill = 0]
                  00000132    00000006     (__TI_handler_table)
                  00000138    00000004     (.cinit..bss.load) [load image, compression = zero_init]
                  0000013c    00000008     (__TI_cinit_table)

.reset     0    003fffc0    00000000     DSECT

.stack     1    00000400    000003f8     UNINITIALIZED
                  00000400    000003f8     --HOLE--

.bss       1    0000aa18    0000000c     UNINITIALIZED
                  0000aa18    0000000c     ecap_ex2_capture_pwm.obj (.bss)

.init_array 
*          0    00000123    00000000     UNINITIALIZED

.const     1    0000a800    00000207     
                  0000a800    000000d7     ecap_ex2_capture_pwm.obj (.const:.string)
                  0000a8d7    00000001     --HOLE-- [fill = 0]
                  0000a8d8    000000bc     driverlib_eabi.lib : gpio.obj (.const:.string)
                  0000a994    00000060                        : sysctl.obj (.const:.string)
                  0000a9f4    00000013     device.obj (.const:.string)

.data      1    0000aa08    00000010     UNINITIALIZED
                  0000aa08    00000006     device.obj (.data)
                  0000aa0e    00000006     rts2800_fpu32_eabi.lib : exit.c.obj (.data)
                  0000aa14    00000002                            : _lock.c.obj (.data:_lock)
                  0000aa16    00000002                            : _lock.c.obj (.data:_unlock)

.TI.ramfunc 
*          0    00000123    00000004     
                  00000123    00000004     driverlib_eabi.lib : sysctl.obj (.TI.ramfunc)

GETBUFFER 
*          0    0003f800    00000000     DSECT

GETWRITEIDX 
*          0    0003f800    00000000     DSECT

PUTREADIDX 
*          0    0003f800    00000000     DSECT

.text.1    0    00008000    00000540     
                  00008000    0000021f     driverlib_eabi.lib : sysctl.obj (.text:SysCtl_setClock)
                  0000821f    00000052                        : gpio.obj (.text:GPIO_setPadConfig)
                  00008271    00000051                        : sysctl.obj (.text:SysCtl_getClock)
                  000082c2    0000003d                        : interrupt.obj (.text:Interrupt_initModule)
                  000082ff    00000038                        : gpio.obj (.text:GPIO_setQualificationMode)
                  00008337    00000037                        : gpio.obj (.text:GPIO_setPinConfig)
                  0000836e    00000034                        : interrupt.obj (.text:Interrupt_enable)
                  000083a2    00000031                        : gpio.obj (.text:GPIO_setDirectionMode)
                  000083d3    00000031     rts2800_fpu32_eabi.lib : copy_decompress_lzss.c.obj (.text:decompress:lzss)
                  00008404    0000002b                            : autoinit.c.obj (.text:__TI_auto_init_nobinit_nopinit)
                  0000842f    00000029                            : exit.c.obj (.text)
                  00008458    00000020     driverlib_eabi.lib : interrupt.obj (.text:Interrupt_initVectorTable)
                  00008478    0000001d     rts2800_fpu32_eabi.lib : memcpy.c.obj (.text)
                  00008495    0000001a     driverlib_eabi.lib : sysctl.obj (.text:SysCtl_getLowSpeedClock)
                  000084af    00000017     rts2800_fpu32_eabi.lib : boot28.asm.obj (.text)
                  000084c6    0000000e     driverlib_eabi.lib : gpio.obj (.text:GPIO_isPinValid)
                  000084d4    0000000e                        : interrupt.obj (.text:Interrupt_defaultHandler)
                  000084e2    0000000d                        : interrupt.obj (.text:Interrupt_disableMaster)
                  000084ef    0000000d                        : interrupt.obj (.text:Interrupt_enableMaster)
                  000084fc    0000000d     rts2800_fpu32_eabi.lib : copy_zero_init.c.obj (.text:decompress:ZI:__TI_zero_init_nomemset)
                  00008509    0000000c                            : args_main.c.obj (.text)
                  00008515    0000000b     driverlib_eabi.lib : sysctl.obj (.text:SysCtl_isMCDClockFailureDetected)
                  00008520    00000009                        : sysctl.obj (.text:SysCtl_serviceWatchdog)
                  00008529    00000009     rts2800_fpu32_eabi.lib : _lock.c.obj (.text)
                  00008532    00000008                            : copy_decompress_none.c.obj (.text:decompress:none)
                  0000853a    00000002     driverlib_eabi.lib : interrupt.obj (.text:Interrupt_illegalOperationHandler)
                  0000853c    00000002                        : interrupt.obj (.text:Interrupt_nmiHandler)
                  0000853e    00000002     rts2800_fpu32_eabi.lib : pre_init.c.obj (.text)

.text.2    0    0000b000    00000800     
                  0000b000    0000040e     ecap_ex2_capture_pwm.obj (.text)
                  0000b40e    0000024f     device.obj (.text)
                  0000b65d    00000088     rts2800_fpu32_eabi.lib : fs_div28.asm.obj (.text)
                  0000b6e5    00000068     driverlib_eabi.lib : sysctl.obj (.text:SysCtl_getDeviceParametric)
                  0000b74d    0000005e                        : sysctl.obj (.text:SysCtl_selectOscSource)
                  0000b7ab    00000054     ecap_ex2_capture_pwm.obj (.text:retain)
                  0000b7ff    00000001     rts2800_fpu32_eabi.lib : startup.c.obj (.text)

MODULE SUMMARY

       Module                        code   ro data   rw data
       ------                        ----   -------   -------
    .\
       ecap_ex2_capture_pwm.obj      1122   215       12     
    +--+-----------------------------+------+---------+---------+
       Total:                        1122   215       12     
                                                             
    .\device\
       device.obj                    591    19        6      
       F2837xD_CodeStartBranch.obj   2      0         0      
    +--+-----------------------------+------+---------+---------+
       Total:                        593    19        6      
                                                             
    C:\ti\C2000Ware_3_02_00_00_Software\driverlib\f2837xd\driverlib\ccs\Debug\driverlib_eabi.lib
       sysctl.obj                    872    96        0      
       gpio.obj                      256    188       0      
       interrupt.obj                 189    0         0      
    +--+-----------------------------+------+---------+---------+
       Total:                        1317   284       0      
                                                             
    C:\ti\ccs1010\ccs\tools\compiler\ti-cgt-c2000_20.2.1.LTS\lib\rts2800_fpu32_eabi.lib
       fs_div28.asm.obj              136    0         0      
       copy_decompress_lzss.c.obj    49     0         0      
       exit.c.obj                    41     0         6      
       autoinit.c.obj                43     0         0      
       memcpy.c.obj                  29     0         0      
       boot28.asm.obj                23     0         0      
       _lock.c.obj                   9      0         4      
       copy_zero_init.c.obj          13     0         0      
       args_main.c.obj               12     0         0      
       copy_decompress_none.c.obj    8      0         0      
       pre_init.c.obj                2      0         0      
       startup.c.obj                 1      0         0      
    +--+-----------------------------+------+---------+---------+
       Total:                        366    0         10     
                                                             
       Stack:                        0      0         1016   
       Linker Generated:             0      27        0      
    +--+-----------------------------+------+---------+---------+
       Grand Total:                  3398   545       1044   


LINKER GENERATED COPY TABLES

__TI_cinit_table @ 0000013c records: 2, size/record: 4, table size: 8
	.data: load addr=00000128, load size=00000009 bytes, run addr=0000aa08, run size=00000010 bytes, compression=lzss
	.bss: load addr=00000138, load size=00000004 bytes, run addr=0000aa18, run size=0000000c bytes, compression=zero_init


LINKER GENERATED HANDLER TABLE

__TI_handler_table @ 00000132 records: 3, size/record: 2, table size: 6
	index: 0, handler: __TI_zero_init
	index: 1, handler: __TI_decompress_lzss
	index: 2, handler: __TI_decompress_none


GLOBAL DATA SYMBOLS: SORTED BY DATA PAGE

address     data page           name
--------    ----------------    ----
00000400      10 (00000400)     __stack

0000aa08     2a8 (0000aa00)     Example_Result
0000aa0a     2a8 (0000aa00)     Example_PassCount
0000aa0c     2a8 (0000aa00)     Example_Fail
0000aa0e     2a8 (0000aa00)     __TI_enable_exit_profile_output
0000aa10     2a8 (0000aa00)     __TI_cleanup_ptr
0000aa12     2a8 (0000aa00)     __TI_dtors_ptr
0000aa14     2a8 (0000aa00)     _lock
0000aa16     2a8 (0000aa00)     _unlock
0000aa18     2a8 (0000aa00)     cap2Count
0000aa19     2a8 (0000aa00)     cap1Count
0000aa1a     2a8 (0000aa00)     cap3Count
0000aa1b     2a8 (0000aa00)     cap4Count
0000aa1c     2a8 (0000aa00)     epwm3PeriodCount
0000aa1e     2a8 (0000aa00)     ecap1IntCount
0000aa20     2a8 (0000aa00)     ecap1PassCount
0000aa22     2a8 (0000aa00)     epwm3TimerDirection


GLOBAL SYMBOLS: SORTED ALPHABETICALLY BY Name 

page  address   name                                     
----  -------   ----                                     
0     0000842f  C$$EXIT                                  
0     0000b61a  Device_configureTMXAnalogTrim            
0     0000b4be  Device_enableAllPeripherals              
0     0000b604  Device_enableUnbondedGPIOPullups         
0     0000b5e1  Device_enableUnbondedGPIOPullupsFor100Pin
0     0000b5ca  Device_enableUnbondedGPIOPullupsFor176Pin
0     0000b47c  Device_init                              
0     0000b5a9  Device_initGPIO                          
1     0000aa0c  Example_Fail                             
1     0000aa0a  Example_PassCount                        
1     0000aa08  Example_Result                           
0     0000b65c  Example_done                             
0     0000b657  Example_setResultFail                    
0     0000b652  Example_setResultPass                    
0     000083a2  GPIO_setDirectionMode                    
0     0000821f  GPIO_setPadConfig                        
0     00008337  GPIO_setPinConfig                        
0     000082ff  GPIO_setQualificationMode                
0     0000836e  Interrupt_enable                         
0     000082c2  Interrupt_initModule                     
0     00008458  Interrupt_initVectorTable                
0     00000123  SysCtl_delay                             
0     00008271  SysCtl_getClock                          
0     0000b6e5  SysCtl_getDeviceParametric               
0     00008495  SysCtl_getLowSpeedClock                  
0     0000b74d  SysCtl_selectOscSource                   
0     00008000  SysCtl_setClock                          
0     0000013c  __TI_CINIT_Base                          
0     00000144  __TI_CINIT_Limit                         
0     00000132  __TI_Handler_Table_Base                  
0     00000138  __TI_Handler_Table_Limit                 
1     000007f8  __TI_STACK_END                           
abs   000003f8  __TI_STACK_SIZE                          
0     00008404  __TI_auto_init_nobinit_nopinit           
1     0000aa10  __TI_cleanup_ptr                         
0     000083d3  __TI_decompress_lzss                     
0     00008532  __TI_decompress_none                     
1     0000aa12  __TI_dtors_ptr                           
1     0000aa0e  __TI_enable_exit_profile_output          
abs   ffffffff  __TI_pprof_out_hndl                      
abs   ffffffff  __TI_prof_data_size                      
abs   ffffffff  __TI_prof_data_start                     
0     000084fc  __TI_zero_init_nomemset                  
0     0000b65d  __c28xabi_divf                           
n/a   UNDEFED   __c_args__                               
0     0000b64b  __error__                                
1     00000400  __stack                                  
0     00008509  _args_main                               
0     000084af  _c_int00                                 
1     0000aa14  _lock                                    
0     00008531  _nop                                     
0     0000852d  _register_lock                           
0     00008529  _register_unlock                         
0     0000b7ff  _system_post_cinit                       
0     0000853e  _system_pre_init                         
1     0000aa16  _unlock                                  
0     0000842f  abort                                    
1     0000aa19  cap1Count                                
1     0000aa18  cap2Count                                
1     0000aa1a  cap3Count                                
1     0000aa1b  cap4Count                                
0     00000000  code_start                               
0     0000b7ab  ecap1ISR                                 
1     0000aa1e  ecap1IntCount                            
1     0000aa20  ecap1PassCount                           
1     0000aa1c  epwm3PeriodCount                         
1     0000aa22  epwm3TimerDirection                      
0     0000b40b  error                                    
0     00008431  exit                                     
0     0000b3b7  initECAP                                 
0     0000b385  initEPWM                                 
0     0000b339  main                                     
0     00008478  memcpy                                   


GLOBAL SYMBOLS: SORTED BY Symbol Address 

page  address   name                                     
----  -------   ----                                     
0     00000000  code_start                               
0     00000123  SysCtl_delay                             
0     00000132  __TI_Handler_Table_Base                  
0     00000138  __TI_Handler_Table_Limit                 
0     0000013c  __TI_CINIT_Base                          
0     00000144  __TI_CINIT_Limit                         
0     00008000  SysCtl_setClock                          
0     0000821f  GPIO_setPadConfig                        
0     00008271  SysCtl_getClock                          
0     000082c2  Interrupt_initModule                     
0     000082ff  GPIO_setQualificationMode                
0     00008337  GPIO_setPinConfig                        
0     0000836e  Interrupt_enable                         
0     000083a2  GPIO_setDirectionMode                    
0     000083d3  __TI_decompress_lzss                     
0     00008404  __TI_auto_init_nobinit_nopinit           
0     0000842f  C$$EXIT                                  
0     0000842f  abort                                    
0     00008431  exit                                     
0     00008458  Interrupt_initVectorTable                
0     00008478  memcpy                                   
0     00008495  SysCtl_getLowSpeedClock                  
0     000084af  _c_int00                                 
0     000084fc  __TI_zero_init_nomemset                  
0     00008509  _args_main                               
0     00008529  _register_unlock                         
0     0000852d  _register_lock                           
0     00008531  _nop                                     
0     00008532  __TI_decompress_none                     
0     0000853e  _system_pre_init                         
0     0000b339  main                                     
0     0000b385  initEPWM                                 
0     0000b3b7  initECAP                                 
0     0000b40b  error                                    
0     0000b47c  Device_init                              
0     0000b4be  Device_enableAllPeripherals              
0     0000b5a9  Device_initGPIO                          
0     0000b5ca  Device_enableUnbondedGPIOPullupsFor176Pin
0     0000b5e1  Device_enableUnbondedGPIOPullupsFor100Pin
0     0000b604  Device_enableUnbondedGPIOPullups         
0     0000b61a  Device_configureTMXAnalogTrim            
0     0000b64b  __error__                                
0     0000b652  Example_setResultPass                    
0     0000b657  Example_setResultFail                    
0     0000b65c  Example_done                             
0     0000b65d  __c28xabi_divf                           
0     0000b6e5  SysCtl_getDeviceParametric               
0     0000b74d  SysCtl_selectOscSource                   
0     0000b7ab  ecap1ISR                                 
0     0000b7ff  _system_post_cinit                       
1     00000400  __stack                                  
1     000007f8  __TI_STACK_END                           
1     0000aa08  Example_Result                           
1     0000aa0a  Example_PassCount                        
1     0000aa0c  Example_Fail                             
1     0000aa0e  __TI_enable_exit_profile_output          
1     0000aa10  __TI_cleanup_ptr                         
1     0000aa12  __TI_dtors_ptr                           
1     0000aa14  _lock                                    
1     0000aa16  _unlock                                  
1     0000aa18  cap2Count                                
1     0000aa19  cap1Count                                
1     0000aa1a  cap3Count                                
1     0000aa1b  cap4Count                                
1     0000aa1c  epwm3PeriodCount                         
1     0000aa1e  ecap1IntCount                            
1     0000aa20  ecap1PassCount                           
1     0000aa22  epwm3TimerDirection                      
abs   000003f8  __TI_STACK_SIZE                          
abs   ffffffff  __TI_pprof_out_hndl                      
abs   ffffffff  __TI_prof_data_size                      
abs   ffffffff  __TI_prof_data_start                     
n/a   UNDEFED   __c_args__                               

[73 symbols]
