******************************************************************************
             TMS320C2000 Linker PC v20.2.1                     
******************************************************************************
>> Linked Mon Mar 29 17:52:35 2021

OUTPUT FILE NAME:   <ecap_ex2_capture_pwm2_final.out>
ENTRY POINT SYMBOL: "code_start"  address: 00000000


MEMORY CONFIGURATION

         name            origin    length      used     unused   attr    fill
----------------------  --------  ---------  --------  --------  ----  --------
PAGE 0:
  BEGIN                 00000000   00000002  00000002  00000000  RWIX
  RAMM0                 00000123   000002dd  00000020  000002bd  RWIX
  RAMLS0                00008000   00000800  00000800  00000000  RWIX
  RAMLS1                00008800   00000800  000000ae  00000752  RWIX
  RAMLS2                00009000   00000800  00000000  00000800  RWIX
  RAMLS3                00009800   00000800  00000000  00000800  RWIX
  RAMLS4                0000a000   00000800  00000000  00000800  RWIX
  RAMD0                 0000b000   00000800  00000800  00000000  RWIX
  RESET                 003fffc0   00000002  00000000  00000002  RWIX

PAGE 1:
  BOOT_RSVD             00000002   00000121  00000000  00000121  RWIX
  RAMM1                 00000400   000003f8  000003f8  00000000  RWIX
  RAMLS5                0000a800   00000800  00000225  000005db  RWIX
  RAMD1                 0000b800   00000800  00000000  00000800  RWIX
  RAMGS0                0000c000   00001000  00000000  00001000  RWIX
  RAMGS1                0000d000   00001000  00000000  00001000  RWIX
  RAMGS2                0000e000   00001000  00000000  00001000  RWIX
  RAMGS3                0000f000   00001000  00000000  00001000  RWIX
  RAMGS4                00010000   00001000  00000000  00001000  RWIX
  RAMGS5                00011000   00001000  00000000  00001000  RWIX
  RAMGS6                00012000   00001000  00000000  00001000  RWIX
  RAMGS7                00013000   00001000  00000000  00001000  RWIX
  RAMGS8                00014000   00001000  00000000  00001000  RWIX
  RAMGS9                00015000   00001000  00000000  00001000  RWIX
  RAMGS10               00016000   00001000  00000000  00001000  RWIX
  RAMGS11               00017000   00001000  00000000  00001000  RWIX
  RAMGS12               00018000   00001000  00000000  00001000  RWIX
  RAMGS13               00019000   00001000  00000000  00001000  RWIX
  RAMGS14               0001a000   00001000  00000000  00001000  RWIX
  RAMGS15               0001b000   00000ff8  00000000  00000ff8  RWIX
  CPU2TOCPU1RAM         0003f800   00000400  00000000  00000400  RWIX
  CPU1TOCPU2RAM         0003fc00   00000400  00000000  00000400  RWIX
  CANA_MSG_RAM          00049000   00000800  00000000  00000800  RWIX
  CANB_MSG_RAM          0004b000   00000800  00000000  00000800  RWIX


SECTION ALLOCATION MAP

 output                                  attributes/
section   page    origin      length       input sections
--------  ----  ----------  ----------   ----------------
codestart 
*          0    00000000    00000002     
                  00000000    00000002     F2837xD_CodeStartBranch.obj (codestart)

.cinit     0    00000128    0000001c     
                  00000128    00000009     (.cinit..data.load) [load image, compression = lzss]
                  00000131    00000001     --HOLE-- [fill = 0]
                  00000132    00000006     (__TI_handler_table)
                  00000138    00000004     (.cinit..bss.load) [load image, compression = zero_init]
                  0000013c    00000008     (__TI_cinit_table)

.reset     0    003fffc0    00000000     DSECT

.stack     1    00000400    000003f8     UNINITIALIZED
                  00000400    000003f8     --HOLE--

.bss       1    0000aa18    0000000e     UNINITIALIZED
                  0000aa18    0000000e     ecap_ex2_capture_pwm.obj (.bss)

.init_array 
*          0    00000123    00000000     UNINITIALIZED

.const     1    0000a800    00000207     
                  0000a800    000000d7     ecap_ex2_capture_pwm.obj (.const:.string)
                  0000a8d7    00000001     --HOLE-- [fill = 0]
                  0000a8d8    000000bc     driverlib_eabi.lib : gpio.obj (.const:.string)
                  0000a994    00000060                        : sysctl.obj (.const:.string)
                  0000a9f4    00000013     device.obj (.const:.string)

.data      1    0000aa08    00000010     UNINITIALIZED
                  0000aa08    00000006     device.obj (.data)
                  0000aa0e    00000006     rts2800_fpu32_eabi.lib : exit.c.obj (.data)
                  0000aa14    00000002                            : _lock.c.obj (.data:_lock)
                  0000aa16    00000002                            : _lock.c.obj (.data:_unlock)

.TI.ramfunc 
*          0    00000123    00000004     
                  00000123    00000004     driverlib_eabi.lib : sysctl.obj (.TI.ramfunc)

GETBUFFER 
*          0    0003f800    00000000     DSECT

GETWRITEIDX 
*          0    0003f800    00000000     DSECT

PUTREADIDX 
*          0    0003f800    00000000     DSECT

.text.1    0    00008000    00000800     
                  00008000    0000024f     device.obj (.text)
                  0000824f    0000021f     driverlib_eabi.lib : sysctl.obj (.text:SysCtl_setClock)
                  0000846e    00000088     rts2800_fpu32_eabi.lib : fs_div28.asm.obj (.text)
                  000084f6    00000068     driverlib_eabi.lib : sysctl.obj (.text:SysCtl_getDeviceParametric)
                  0000855e    0000005e                        : sysctl.obj (.text:SysCtl_selectOscSource)
                  000085bc    00000052                        : gpio.obj (.text:GPIO_setPadConfig)
                  0000860e    00000051                        : sysctl.obj (.text:SysCtl_getClock)
                  0000865f    0000003d                        : interrupt.obj (.text:Interrupt_initModule)
                  0000869c    00000038                        : gpio.obj (.text:GPIO_setQualificationMode)
                  000086d4    00000037                        : gpio.obj (.text:GPIO_setPinConfig)
                  0000870b    00000034                        : interrupt.obj (.text:Interrupt_enable)
                  0000873f    00000031                        : gpio.obj (.text:GPIO_setDirectionMode)
                  00008770    00000031     rts2800_fpu32_eabi.lib : copy_decompress_lzss.c.obj (.text:decompress:lzss)
                  000087a1    00000029                            : exit.c.obj (.text)
                  000087ca    00000020     driverlib_eabi.lib : interrupt.obj (.text:Interrupt_initVectorTable)
                  000087ea    0000000e                        : gpio.obj (.text:GPIO_isPinValid)
                  000087f8    00000008     rts2800_fpu32_eabi.lib : copy_decompress_none.c.obj (.text:decompress:none)

.text.2    0    00008800    000000ae     
                  00008800    0000001d     rts2800_fpu32_eabi.lib : memcpy.c.obj (.text)
                  0000881d    0000001a     driverlib_eabi.lib : sysctl.obj (.text:SysCtl_getLowSpeedClock)
                  00008837    00000017     rts2800_fpu32_eabi.lib : boot28.asm.obj (.text)
                  0000884e    0000000e     driverlib_eabi.lib : interrupt.obj (.text:Interrupt_defaultHandler)
                  0000885c    0000000d                        : interrupt.obj (.text:Interrupt_disableMaster)
                  00008869    0000000d                        : interrupt.obj (.text:Interrupt_enableMaster)
                  00008876    0000000d     rts2800_fpu32_eabi.lib : copy_zero_init.c.obj (.text:decompress:ZI:__TI_zero_init_nomemset)
                  00008883    0000000c                            : args_main.c.obj (.text)
                  0000888f    0000000b     driverlib_eabi.lib : sysctl.obj (.text:SysCtl_isMCDClockFailureDetected)
                  0000889a    00000009                        : sysctl.obj (.text:SysCtl_serviceWatchdog)
                  000088a3    00000009     rts2800_fpu32_eabi.lib : _lock.c.obj (.text)
                  000088ac    00000002                            : pre_init.c.obj (.text)

.text.3    0    0000b000    00000800     
                  0000b000    00000626     ecap_ex2_capture_pwm.obj (.text)
                  0000b626    000001aa     ecap_ex2_capture_pwm.obj (.text:retain)
                  0000b7d0    0000002b     rts2800_fpu32_eabi.lib : autoinit.c.obj (.text:__TI_auto_init_nobinit_nopinit)
                  0000b7fb    00000002     driverlib_eabi.lib : interrupt.obj (.text:Interrupt_illegalOperationHandler)
                  0000b7fd    00000002                        : interrupt.obj (.text:Interrupt_nmiHandler)
                  0000b7ff    00000001     rts2800_fpu32_eabi.lib : startup.c.obj (.text)

MODULE SUMMARY

       Module                        code   ro data   rw data
       ------                        ----   -------   -------
    .\
       ecap_ex2_capture_pwm.obj      2000   215       14     
    +--+-----------------------------+------+---------+---------+
       Total:                        2000   215       14     
                                                             
    .\device\
       device.obj                    591    19        6      
       F2837xD_CodeStartBranch.obj   2      0         0      
    +--+-----------------------------+------+---------+---------+
       Total:                        593    19        6      
                                                             
    C:\ti\C2000Ware_3_02_00_00_Software\driverlib\f2837xd\driverlib\ccs\Debug\driverlib_eabi.lib
       sysctl.obj                    872    96        0      
       gpio.obj                      256    188       0      
       interrupt.obj                 189    0         0      
    +--+-----------------------------+------+---------+---------+
       Total:                        1317   284       0      
                                                             
    C:\ti\ccs1010\ccs\tools\compiler\ti-cgt-c2000_20.2.1.LTS\lib\rts2800_fpu32_eabi.lib
       fs_div28.asm.obj              136    0         0      
       copy_decompress_lzss.c.obj    49     0         0      
       exit.c.obj                    41     0         6      
       autoinit.c.obj                43     0         0      
       memcpy.c.obj                  29     0         0      
       boot28.asm.obj                23     0         0      
       _lock.c.obj                   9      0         4      
       copy_zero_init.c.obj          13     0         0      
       args_main.c.obj               12     0         0      
       copy_decompress_none.c.obj    8      0         0      
       pre_init.c.obj                2      0         0      
       startup.c.obj                 1      0         0      
    +--+-----------------------------+------+---------+---------+
       Total:                        366    0         10     
                                                             
       Stack:                        0      0         1016   
       Linker Generated:             0      27        0      
    +--+-----------------------------+------+---------+---------+
       Grand Total:                  4276   545       1046   


LINKER GENERATED COPY TABLES

__TI_cinit_table @ 0000013c records: 2, size/record: 4, table size: 8
	.data: load addr=00000128, load size=00000009 bytes, run addr=0000aa08, run size=00000010 bytes, compression=lzss
	.bss: load addr=00000138, load size=00000004 bytes, run addr=0000aa18, run size=0000000e bytes, compression=zero_init


LINKER GENERATED HANDLER TABLE

__TI_handler_table @ 00000132 records: 3, size/record: 2, table size: 6
	index: 0, handler: __TI_zero_init
	index: 1, handler: __TI_decompress_lzss
	index: 2, handler: __TI_decompress_none


GLOBAL DATA SYMBOLS: SORTED BY DATA PAGE

address     data page           name
--------    ----------------    ----
00000400      10 (00000400)     __stack

0000aa08     2a8 (0000aa00)     Example_Result
0000aa0a     2a8 (0000aa00)     Example_PassCount
0000aa0c     2a8 (0000aa00)     Example_Fail
0000aa0e     2a8 (0000aa00)     __TI_enable_exit_profile_output
0000aa10     2a8 (0000aa00)     __TI_cleanup_ptr
0000aa12     2a8 (0000aa00)     __TI_dtors_ptr
0000aa14     2a8 (0000aa00)     _lock
0000aa16     2a8 (0000aa00)     _unlock
0000aa18     2a8 (0000aa00)     epwm3TimerDirection
0000aa1a     2a8 (0000aa00)     PCB_A_Temp_P
0000aa1c     2a8 (0000aa00)     PCB_B_Temp_P
0000aa1e     2a8 (0000aa00)     PCB_C_Temp_P
0000aa20     2a8 (0000aa00)     Mosfet_A_Temp_P
0000aa22     2a8 (0000aa00)     Mosfet_B_Temp_P
0000aa24     2a8 (0000aa00)     Mosfet_C_Temp_P


GLOBAL SYMBOLS: SORTED ALPHABETICALLY BY Name 

page  address   name                                     
----  -------   ----                                     
0     000087a1  C$$EXIT                                  
0     0000820c  Device_configureTMXAnalogTrim            
0     000080b0  Device_enableAllPeripherals              
0     000081f6  Device_enableUnbondedGPIOPullups         
0     000081d3  Device_enableUnbondedGPIOPullupsFor100Pin
0     000081bc  Device_enableUnbondedGPIOPullupsFor176Pin
0     0000806e  Device_init                              
0     0000819b  Device_initGPIO                          
1     0000aa0c  Example_Fail                             
1     0000aa0a  Example_PassCount                        
1     0000aa08  Example_Result                           
0     0000824e  Example_done                             
0     00008249  Example_setResultFail                    
0     00008244  Example_setResultPass                    
0     0000873f  GPIO_setDirectionMode                    
0     000085bc  GPIO_setPadConfig                        
0     000086d4  GPIO_setPinConfig                        
0     0000869c  GPIO_setQualificationMode                
0     0000870b  Interrupt_enable                         
0     0000865f  Interrupt_initModule                     
0     000087ca  Interrupt_initVectorTable                
1     0000aa20  Mosfet_A_Temp_P                          
1     0000aa22  Mosfet_B_Temp_P                          
1     0000aa24  Mosfet_C_Temp_P                          
1     0000aa1a  PCB_A_Temp_P                             
1     0000aa1c  PCB_B_Temp_P                             
1     0000aa1e  PCB_C_Temp_P                             
0     00000123  SysCtl_delay                             
0     0000860e  SysCtl_getClock                          
0     000084f6  SysCtl_getDeviceParametric               
0     0000881d  SysCtl_getLowSpeedClock                  
0     0000855e  SysCtl_selectOscSource                   
0     0000824f  SysCtl_setClock                          
0     0000013c  __TI_CINIT_Base                          
0     00000144  __TI_CINIT_Limit                         
0     00000132  __TI_Handler_Table_Base                  
0     00000138  __TI_Handler_Table_Limit                 
1     000007f8  __TI_STACK_END                           
abs   000003f8  __TI_STACK_SIZE                          
0     0000b7d0  __TI_auto_init_nobinit_nopinit           
1     0000aa10  __TI_cleanup_ptr                         
0     00008770  __TI_decompress_lzss                     
0     000087f8  __TI_decompress_none                     
1     0000aa12  __TI_dtors_ptr                           
1     0000aa0e  __TI_enable_exit_profile_output          
abs   ffffffff  __TI_pprof_out_hndl                      
abs   ffffffff  __TI_prof_data_size                      
abs   ffffffff  __TI_prof_data_start                     
0     00008876  __TI_zero_init_nomemset                  
0     0000846e  __c28xabi_divf                           
n/a   UNDEFED   __c_args__                               
0     0000823d  __error__                                
1     00000400  __stack                                  
0     00008883  _args_main                               
0     00008837  _c_int00                                 
1     0000aa14  _lock                                    
0     000088ab  _nop                                     
0     000088a7  _register_lock                           
0     000088a3  _register_unlock                         
0     0000b7ff  _system_post_cinit                       
0     000088ac  _system_pre_init                         
1     0000aa16  _unlock                                  
0     000087a1  abort                                    
0     00000000  code_start                               
0     0000b626  ecap1ISR                                 
0     0000b66d  ecap2ISR                                 
0     0000b6b4  ecap3ISR                                 
0     0000b6fb  ecap4ISR                                 
0     0000b742  ecap5ISR                                 
0     0000b789  ecap6ISR                                 
1     0000aa18  epwm3TimerDirection                      
0     0000b623  error                                    
0     000087a3  exit                                     
0     0000b430  initECAP                                 
0     0000b3fe  initEPWM                                 
0     0000b326  main                                     
0     00008800  memcpy                                   


GLOBAL SYMBOLS: SORTED BY Symbol Address 

page  address   name                                     
----  -------   ----                                     
0     00000000  code_start                               
0     00000123  SysCtl_delay                             
0     00000132  __TI_Handler_Table_Base                  
0     00000138  __TI_Handler_Table_Limit                 
0     0000013c  __TI_CINIT_Base                          
0     00000144  __TI_CINIT_Limit                         
0     0000806e  Device_init                              
0     000080b0  Device_enableAllPeripherals              
0     0000819b  Device_initGPIO                          
0     000081bc  Device_enableUnbondedGPIOPullupsFor176Pin
0     000081d3  Device_enableUnbondedGPIOPullupsFor100Pin
0     000081f6  Device_enableUnbondedGPIOPullups         
0     0000820c  Device_configureTMXAnalogTrim            
0     0000823d  __error__                                
0     00008244  Example_setResultPass                    
0     00008249  Example_setResultFail                    
0     0000824e  Example_done                             
0     0000824f  SysCtl_setClock                          
0     0000846e  __c28xabi_divf                           
0     000084f6  SysCtl_getDeviceParametric               
0     0000855e  SysCtl_selectOscSource                   
0     000085bc  GPIO_setPadConfig                        
0     0000860e  SysCtl_getClock                          
0     0000865f  Interrupt_initModule                     
0     0000869c  GPIO_setQualificationMode                
0     000086d4  GPIO_setPinConfig                        
0     0000870b  Interrupt_enable                         
0     0000873f  GPIO_setDirectionMode                    
0     00008770  __TI_decompress_lzss                     
0     000087a1  C$$EXIT                                  
0     000087a1  abort                                    
0     000087a3  exit                                     
0     000087ca  Interrupt_initVectorTable                
0     000087f8  __TI_decompress_none                     
0     00008800  memcpy                                   
0     0000881d  SysCtl_getLowSpeedClock                  
0     00008837  _c_int00                                 
0     00008876  __TI_zero_init_nomemset                  
0     00008883  _args_main                               
0     000088a3  _register_unlock                         
0     000088a7  _register_lock                           
0     000088ab  _nop                                     
0     000088ac  _system_pre_init                         
0     0000b326  main                                     
0     0000b3fe  initEPWM                                 
0     0000b430  initECAP                                 
0     0000b623  error                                    
0     0000b626  ecap1ISR                                 
0     0000b66d  ecap2ISR                                 
0     0000b6b4  ecap3ISR                                 
0     0000b6fb  ecap4ISR                                 
0     0000b742  ecap5ISR                                 
0     0000b789  ecap6ISR                                 
0     0000b7d0  __TI_auto_init_nobinit_nopinit           
0     0000b7ff  _system_post_cinit                       
1     00000400  __stack                                  
1     000007f8  __TI_STACK_END                           
1     0000aa08  Example_Result                           
1     0000aa0a  Example_PassCount                        
1     0000aa0c  Example_Fail                             
1     0000aa0e  __TI_enable_exit_profile_output          
1     0000aa10  __TI_cleanup_ptr                         
1     0000aa12  __TI_dtors_ptr                           
1     0000aa14  _lock                                    
1     0000aa16  _unlock                                  
1     0000aa18  epwm3TimerDirection                      
1     0000aa1a  PCB_A_Temp_P                             
1     0000aa1c  PCB_B_Temp_P                             
1     0000aa1e  PCB_C_Temp_P                             
1     0000aa20  Mosfet_A_Temp_P                          
1     0000aa22  Mosfet_B_Temp_P                          
1     0000aa24  Mosfet_C_Temp_P                          
abs   000003f8  __TI_STACK_SIZE                          
abs   ffffffff  __TI_pprof_out_hndl                      
abs   ffffffff  __TI_prof_data_size                      
abs   ffffffff  __TI_prof_data_start                     
n/a   UNDEFED   __c_args__                               

[77 symbols]
