******************************************************************************
             TMS320C2000 Linker PC v20.2.1                     
******************************************************************************
>> Linked Mon Mar 29 15:03:38 2021

OUTPUT FILE NAME:   <ecap_ex2_capture_pwm2_prctc2.out>
ENTRY POINT SYMBOL: "code_start"  address: 00000000


MEMORY CONFIGURATION

         name            origin    length      used     unused   attr    fill
----------------------  --------  ---------  --------  --------  ----  --------
PAGE 0:
  BEGIN                 00000000   00000002  00000002  00000000  RWIX
  RAMM0                 00000123   000002dd  00000020  000002bd  RWIX
  RAMLS0                00008000   00000800  000005f7  00000209  RWIX
  RAMLS1                00008800   00000800  00000000  00000800  RWIX
  RAMLS2                00009000   00000800  00000000  00000800  RWIX
  RAMLS3                00009800   00000800  00000000  00000800  RWIX
  RAMLS4                0000a000   00000800  00000000  00000800  RWIX
  RAMD0                 0000b000   00000800  00000800  00000000  RWIX
  RESET                 003fffc0   00000002  00000000  00000002  RWIX

PAGE 1:
  BOOT_RSVD             00000002   00000121  00000000  00000121  RWIX
  RAMM1                 00000400   000003f8  000003f8  00000000  RWIX
  RAMLS5                0000a800   00000800  00000225  000005db  RWIX
  RAMD1                 0000b800   00000800  00000000  00000800  RWIX
  RAMGS0                0000c000   00001000  00000000  00001000  RWIX
  RAMGS1                0000d000   00001000  00000000  00001000  RWIX
  RAMGS2                0000e000   00001000  00000000  00001000  RWIX
  RAMGS3                0000f000   00001000  00000000  00001000  RWIX
  RAMGS4                00010000   00001000  00000000  00001000  RWIX
  RAMGS5                00011000   00001000  00000000  00001000  RWIX
  RAMGS6                00012000   00001000  00000000  00001000  RWIX
  RAMGS7                00013000   00001000  00000000  00001000  RWIX
  RAMGS8                00014000   00001000  00000000  00001000  RWIX
  RAMGS9                00015000   00001000  00000000  00001000  RWIX
  RAMGS10               00016000   00001000  00000000  00001000  RWIX
  RAMGS11               00017000   00001000  00000000  00001000  RWIX
  RAMGS12               00018000   00001000  00000000  00001000  RWIX
  RAMGS13               00019000   00001000  00000000  00001000  RWIX
  RAMGS14               0001a000   00001000  00000000  00001000  RWIX
  RAMGS15               0001b000   00000ff8  00000000  00000ff8  RWIX
  CPU2TOCPU1RAM         0003f800   00000400  00000000  00000400  RWIX
  CPU1TOCPU2RAM         0003fc00   00000400  00000000  00000400  RWIX
  CANA_MSG_RAM          00049000   00000800  00000000  00000800  RWIX
  CANB_MSG_RAM          0004b000   00000800  00000000  00000800  RWIX


SECTION ALLOCATION MAP

 output                                  attributes/
section   page    origin      length       input sections
--------  ----  ----------  ----------   ----------------
codestart 
*          0    00000000    00000002     
                  00000000    00000002     F2837xD_CodeStartBranch.obj (codestart)

.cinit     0    00000128    0000001c     
                  00000128    00000009     (.cinit..data.load) [load image, compression = lzss]
                  00000131    00000001     --HOLE-- [fill = 0]
                  00000132    00000006     (__TI_handler_table)
                  00000138    00000004     (.cinit..bss.load) [load image, compression = zero_init]
                  0000013c    00000008     (__TI_cinit_table)

.reset     0    003fffc0    00000000     DSECT

.stack     1    00000400    000003f8     UNINITIALIZED
                  00000400    000003f8     --HOLE--

.bss       1    0000aa18    0000000e     UNINITIALIZED
                  0000aa18    0000000e     ecap_ex2_capture_pwm.obj (.bss)

.init_array 
*          0    00000123    00000000     UNINITIALIZED

.const     1    0000a800    00000207     
                  0000a800    000000d7     ecap_ex2_capture_pwm.obj (.const:.string)
                  0000a8d7    00000001     --HOLE-- [fill = 0]
                  0000a8d8    000000bc     driverlib_eabi.lib : gpio.obj (.const:.string)
                  0000a994    00000060                        : sysctl.obj (.const:.string)
                  0000a9f4    00000013     device.obj (.const:.string)

.data      1    0000aa08    00000010     UNINITIALIZED
                  0000aa08    00000006     device.obj (.data)
                  0000aa0e    00000006     rts2800_fpu32_eabi.lib : exit.c.obj (.data)
                  0000aa14    00000002                            : _lock.c.obj (.data:_lock)
                  0000aa16    00000002                            : _lock.c.obj (.data:_unlock)

.TI.ramfunc 
*          0    00000123    00000004     
                  00000123    00000004     driverlib_eabi.lib : sysctl.obj (.TI.ramfunc)

GETBUFFER 
*          0    0003f800    00000000     DSECT

GETWRITEIDX 
*          0    0003f800    00000000     DSECT

PUTREADIDX 
*          0    0003f800    00000000     DSECT

.text.1    0    00008000    000005f7     
                  00008000    0000021f     driverlib_eabi.lib : sysctl.obj (.text:SysCtl_setClock)
                  0000821f    00000068                        : sysctl.obj (.text:SysCtl_getDeviceParametric)
                  00008287    0000005e                        : sysctl.obj (.text:SysCtl_selectOscSource)
                  000082e5    00000052                        : gpio.obj (.text:GPIO_setPadConfig)
                  00008337    00000051                        : sysctl.obj (.text:SysCtl_getClock)
                  00008388    0000003d                        : interrupt.obj (.text:Interrupt_initModule)
                  000083c5    00000038                        : gpio.obj (.text:GPIO_setQualificationMode)
                  000083fd    00000037                        : gpio.obj (.text:GPIO_setPinConfig)
                  00008434    00000034                        : interrupt.obj (.text:Interrupt_enable)
                  00008468    00000031                        : gpio.obj (.text:GPIO_setDirectionMode)
                  00008499    00000031     rts2800_fpu32_eabi.lib : copy_decompress_lzss.c.obj (.text:decompress:lzss)
                  000084ca    0000002b                            : autoinit.c.obj (.text:__TI_auto_init_nobinit_nopinit)
                  000084f5    00000029                            : exit.c.obj (.text)
                  0000851e    00000020     driverlib_eabi.lib : interrupt.obj (.text:Interrupt_initVectorTable)
                  0000853e    0000001d     rts2800_fpu32_eabi.lib : memcpy.c.obj (.text)
                  0000855b    0000001a     driverlib_eabi.lib : sysctl.obj (.text:SysCtl_getLowSpeedClock)
                  00008575    00000017     rts2800_fpu32_eabi.lib : boot28.asm.obj (.text)
                  0000858c    0000000e     driverlib_eabi.lib : interrupt.obj (.text:Interrupt_defaultHandler)
                  0000859a    0000000d                        : interrupt.obj (.text:Interrupt_disableMaster)
                  000085a7    0000000d                        : interrupt.obj (.text:Interrupt_enableMaster)
                  000085b4    0000000d     rts2800_fpu32_eabi.lib : copy_zero_init.c.obj (.text:decompress:ZI:__TI_zero_init_nomemset)
                  000085c1    0000000c                            : args_main.c.obj (.text)
                  000085cd    0000000b     driverlib_eabi.lib : sysctl.obj (.text:SysCtl_isMCDClockFailureDetected)
                  000085d8    00000009                        : sysctl.obj (.text:SysCtl_serviceWatchdog)
                  000085e1    00000009     rts2800_fpu32_eabi.lib : _lock.c.obj (.text)
                  000085ea    00000008                            : copy_decompress_none.c.obj (.text:decompress:none)
                  000085f2    00000002     driverlib_eabi.lib : interrupt.obj (.text:Interrupt_nmiHandler)
                  000085f4    00000002     rts2800_fpu32_eabi.lib : pre_init.c.obj (.text)
                  000085f6    00000001                            : startup.c.obj (.text)

.text.2    0    0000b000    00000800     
                  0000b000    0000047e     ecap_ex2_capture_pwm.obj (.text)
                  0000b47e    0000024f     device.obj (.text)
                  0000b6cd    0000009b     ecap_ex2_capture_pwm.obj (.text:retain)
                  0000b768    00000088     rts2800_fpu32_eabi.lib : fs_div28.asm.obj (.text)
                  0000b7f0    0000000e     driverlib_eabi.lib : gpio.obj (.text:GPIO_isPinValid)
                  0000b7fe    00000002                        : interrupt.obj (.text:Interrupt_illegalOperationHandler)

MODULE SUMMARY

       Module                        code   ro data   rw data
       ------                        ----   -------   -------
    .\
       ecap_ex2_capture_pwm.obj      1305   215       14     
    +--+-----------------------------+------+---------+---------+
       Total:                        1305   215       14     
                                                             
    .\device\
       device.obj                    591    19        6      
       F2837xD_CodeStartBranch.obj   2      0         0      
    +--+-----------------------------+------+---------+---------+
       Total:                        593    19        6      
                                                             
    C:\ti\C2000Ware_3_02_00_00_Software\driverlib\f2837xd\driverlib\ccs\Debug\driverlib_eabi.lib
       sysctl.obj                    872    96        0      
       gpio.obj                      256    188       0      
       interrupt.obj                 189    0         0      
    +--+-----------------------------+------+---------+---------+
       Total:                        1317   284       0      
                                                             
    C:\ti\ccs1010\ccs\tools\compiler\ti-cgt-c2000_20.2.1.LTS\lib\rts2800_fpu32_eabi.lib
       fs_div28.asm.obj              136    0         0      
       copy_decompress_lzss.c.obj    49     0         0      
       exit.c.obj                    41     0         6      
       autoinit.c.obj                43     0         0      
       memcpy.c.obj                  29     0         0      
       boot28.asm.obj                23     0         0      
       _lock.c.obj                   9      0         4      
       copy_zero_init.c.obj          13     0         0      
       args_main.c.obj               12     0         0      
       copy_decompress_none.c.obj    8      0         0      
       pre_init.c.obj                2      0         0      
       startup.c.obj                 1      0         0      
    +--+-----------------------------+------+---------+---------+
       Total:                        366    0         10     
                                                             
       Stack:                        0      0         1016   
       Linker Generated:             0      27        0      
    +--+-----------------------------+------+---------+---------+
       Grand Total:                  3581   545       1046   


LINKER GENERATED COPY TABLES

__TI_cinit_table @ 0000013c records: 2, size/record: 4, table size: 8
	.data: load addr=00000128, load size=00000009 bytes, run addr=0000aa08, run size=00000010 bytes, compression=lzss
	.bss: load addr=00000138, load size=00000004 bytes, run addr=0000aa18, run size=0000000e bytes, compression=zero_init


LINKER GENERATED HANDLER TABLE

__TI_handler_table @ 00000132 records: 3, size/record: 2, table size: 6
	index: 0, handler: __TI_zero_init
	index: 1, handler: __TI_decompress_lzss
	index: 2, handler: __TI_decompress_none


GLOBAL DATA SYMBOLS: SORTED BY DATA PAGE

address     data page           name
--------    ----------------    ----
00000400      10 (00000400)     __stack

0000aa08     2a8 (0000aa00)     Example_Result
0000aa0a     2a8 (0000aa00)     Example_PassCount
0000aa0c     2a8 (0000aa00)     Example_Fail
0000aa0e     2a8 (0000aa00)     __TI_enable_exit_profile_output
0000aa10     2a8 (0000aa00)     __TI_cleanup_ptr
0000aa12     2a8 (0000aa00)     __TI_dtors_ptr
0000aa14     2a8 (0000aa00)     _lock
0000aa16     2a8 (0000aa00)     _unlock
0000aa18     2a8 (0000aa00)     cap3Count
0000aa19     2a8 (0000aa00)     cap4Count
0000aa1a     2a8 (0000aa00)     epwm3PeriodCount
0000aa1c     2a8 (0000aa00)     ecap1IntCount
0000aa1e     2a8 (0000aa00)     ecap1PassCount
0000aa20     2a8 (0000aa00)     epwm3TimerDirection
0000aa22     2a8 (0000aa00)     cap2Count
0000aa24     2a8 (0000aa00)     cap1Count


GLOBAL SYMBOLS: SORTED ALPHABETICALLY BY Name 

page  address   name                                     
----  -------   ----                                     
0     000084f5  C$$EXIT                                  
0     0000b68a  Device_configureTMXAnalogTrim            
0     0000b52e  Device_enableAllPeripherals              
0     0000b674  Device_enableUnbondedGPIOPullups         
0     0000b651  Device_enableUnbondedGPIOPullupsFor100Pin
0     0000b63a  Device_enableUnbondedGPIOPullupsFor176Pin
0     0000b4ec  Device_init                              
0     0000b619  Device_initGPIO                          
1     0000aa0c  Example_Fail                             
1     0000aa0a  Example_PassCount                        
1     0000aa08  Example_Result                           
0     0000b6cc  Example_done                             
0     0000b6c7  Example_setResultFail                    
0     0000b6c2  Example_setResultPass                    
0     00008468  GPIO_setDirectionMode                    
0     000082e5  GPIO_setPadConfig                        
0     000083fd  GPIO_setPinConfig                        
0     000083c5  GPIO_setQualificationMode                
0     00008434  Interrupt_enable                         
0     00008388  Interrupt_initModule                     
0     0000851e  Interrupt_initVectorTable                
0     00000123  SysCtl_delay                             
0     00008337  SysCtl_getClock                          
0     0000821f  SysCtl_getDeviceParametric               
0     0000855b  SysCtl_getLowSpeedClock                  
0     00008287  SysCtl_selectOscSource                   
0     00008000  SysCtl_setClock                          
0     0000013c  __TI_CINIT_Base                          
0     00000144  __TI_CINIT_Limit                         
0     00000132  __TI_Handler_Table_Base                  
0     00000138  __TI_Handler_Table_Limit                 
1     000007f8  __TI_STACK_END                           
abs   000003f8  __TI_STACK_SIZE                          
0     000084ca  __TI_auto_init_nobinit_nopinit           
1     0000aa10  __TI_cleanup_ptr                         
0     00008499  __TI_decompress_lzss                     
0     000085ea  __TI_decompress_none                     
1     0000aa12  __TI_dtors_ptr                           
1     0000aa0e  __TI_enable_exit_profile_output          
abs   ffffffff  __TI_pprof_out_hndl                      
abs   ffffffff  __TI_prof_data_size                      
abs   ffffffff  __TI_prof_data_start                     
0     000085b4  __TI_zero_init_nomemset                  
0     0000b768  __c28xabi_divf                           
n/a   UNDEFED   __c_args__                               
0     0000b6bb  __error__                                
1     00000400  __stack                                  
0     000085c1  _args_main                               
0     00008575  _c_int00                                 
1     0000aa14  _lock                                    
0     000085e9  _nop                                     
0     000085e5  _register_lock                           
0     000085e1  _register_unlock                         
0     000085f6  _system_post_cinit                       
0     000085f4  _system_pre_init                         
1     0000aa16  _unlock                                  
0     000084f5  abort                                    
1     0000aa24  cap1Count                                
1     0000aa22  cap2Count                                
1     0000aa18  cap3Count                                
1     0000aa19  cap4Count                                
0     00000000  code_start                               
0     0000b6cd  ecap1ISR                                 
1     0000aa1c  ecap1IntCount                            
1     0000aa1e  ecap1PassCount                           
0     0000b721  ecap2ISR                                 
1     0000aa1a  epwm3PeriodCount                         
1     0000aa20  epwm3TimerDirection                      
0     0000b47b  error                                    
0     000084f7  exit                                     
0     0000b3d4  initECAP                                 
0     0000b3a2  initEPWM                                 
0     0000b339  main                                     
0     0000853e  memcpy                                   


GLOBAL SYMBOLS: SORTED BY Symbol Address 

page  address   name                                     
----  -------   ----                                     
0     00000000  code_start                               
0     00000123  SysCtl_delay                             
0     00000132  __TI_Handler_Table_Base                  
0     00000138  __TI_Handler_Table_Limit                 
0     0000013c  __TI_CINIT_Base                          
0     00000144  __TI_CINIT_Limit                         
0     00008000  SysCtl_setClock                          
0     0000821f  SysCtl_getDeviceParametric               
0     00008287  SysCtl_selectOscSource                   
0     000082e5  GPIO_setPadConfig                        
0     00008337  SysCtl_getClock                          
0     00008388  Interrupt_initModule                     
0     000083c5  GPIO_setQualificationMode                
0     000083fd  GPIO_setPinConfig                        
0     00008434  Interrupt_enable                         
0     00008468  GPIO_setDirectionMode                    
0     00008499  __TI_decompress_lzss                     
0     000084ca  __TI_auto_init_nobinit_nopinit           
0     000084f5  C$$EXIT                                  
0     000084f5  abort                                    
0     000084f7  exit                                     
0     0000851e  Interrupt_initVectorTable                
0     0000853e  memcpy                                   
0     0000855b  SysCtl_getLowSpeedClock                  
0     00008575  _c_int00                                 
0     000085b4  __TI_zero_init_nomemset                  
0     000085c1  _args_main                               
0     000085e1  _register_unlock                         
0     000085e5  _register_lock                           
0     000085e9  _nop                                     
0     000085ea  __TI_decompress_none                     
0     000085f4  _system_pre_init                         
0     000085f6  _system_post_cinit                       
0     0000b339  main                                     
0     0000b3a2  initEPWM                                 
0     0000b3d4  initECAP                                 
0     0000b47b  error                                    
0     0000b4ec  Device_init                              
0     0000b52e  Device_enableAllPeripherals              
0     0000b619  Device_initGPIO                          
0     0000b63a  Device_enableUnbondedGPIOPullupsFor176Pin
0     0000b651  Device_enableUnbondedGPIOPullupsFor100Pin
0     0000b674  Device_enableUnbondedGPIOPullups         
0     0000b68a  Device_configureTMXAnalogTrim            
0     0000b6bb  __error__                                
0     0000b6c2  Example_setResultPass                    
0     0000b6c7  Example_setResultFail                    
0     0000b6cc  Example_done                             
0     0000b6cd  ecap1ISR                                 
0     0000b721  ecap2ISR                                 
0     0000b768  __c28xabi_divf                           
1     00000400  __stack                                  
1     000007f8  __TI_STACK_END                           
1     0000aa08  Example_Result                           
1     0000aa0a  Example_PassCount                        
1     0000aa0c  Example_Fail                             
1     0000aa0e  __TI_enable_exit_profile_output          
1     0000aa10  __TI_cleanup_ptr                         
1     0000aa12  __TI_dtors_ptr                           
1     0000aa14  _lock                                    
1     0000aa16  _unlock                                  
1     0000aa18  cap3Count                                
1     0000aa19  cap4Count                                
1     0000aa1a  epwm3PeriodCount                         
1     0000aa1c  ecap1IntCount                            
1     0000aa1e  ecap1PassCount                           
1     0000aa20  epwm3TimerDirection                      
1     0000aa22  cap2Count                                
1     0000aa24  cap1Count                                
abs   000003f8  __TI_STACK_SIZE                          
abs   ffffffff  __TI_pprof_out_hndl                      
abs   ffffffff  __TI_prof_data_size                      
abs   ffffffff  __TI_prof_data_start                     
n/a   UNDEFED   __c_args__                               

[74 symbols]
